Archive member included because of file (symbol)

c:/winavr-20070525/bin/../lib/gcc/avr/4.1.2/avr6\libgcc.a(_exit.o)
                              c:/winavr-20070525/bin/../lib/gcc/avr/4.1.2/../../../../avr/lib/avr6/crtm2560.o (exit)
c:/winavr-20070525/bin/../lib/gcc/avr/4.1.2/avr6\libgcc.a(_clear_bss.o)
                              obj/main.o (__do_clear_bss)

Allocating common symbols
Common symbol       size              file

led_on              0x1               obj/main.o
xdif                0x2               obj/main.o
previous_port_j     0x1               obj/main.o
line_triggered      0x1               obj/main.o
ydif                0x2               obj/main.o
interrupt_edge_port_j
                    0x1               obj/main.o

Discarded input sections

 .stabstr       0x00000000        0x0 c:/winavr-20070525/bin/../lib/gcc/avr/4.1.2/../../../../avr/lib/avr6/crtm2560.o

Memory Configuration

Name             Origin             Length             Attributes
text             0x00000000         0x00100000         xr
data             0x00800060         0x0000ffa0         rw !x
eeprom           0x00810000         0x00010000         rw !x
*default*        0x00000000         0xffffffff

Linker script and memory map

Address of section .data set to 0x800200
LOAD c:/winavr-20070525/bin/../lib/gcc/avr/4.1.2/../../../../avr/lib/avr6/crtm2560.o
LOAD obj/main.o
LOAD obj/sumo_ports.o
LOAD obj/sumo_util.o
LOAD obj/sumo_leds.o
LOAD obj/sumo_mouse.o
LOAD c:/winavr-20070525/bin/../lib/gcc/avr/4.1.2/../../../../avr/lib/avr6\libm.a
LOAD c:/winavr-20070525/bin/../lib/gcc/avr/4.1.2/avr6\libgcc.a
LOAD c:/winavr-20070525/bin/../lib/gcc/avr/4.1.2/../../../../avr/lib/avr6\libc.a
LOAD c:/winavr-20070525/bin/../lib/gcc/avr/4.1.2/avr6\libgcc.a

.hash
 *(.hash)

.dynsym
 *(.dynsym)

.dynstr
 *(.dynstr)

.gnu.version
 *(.gnu.version)

.gnu.version_d
 *(.gnu.version_d)

.gnu.version_r
 *(.gnu.version_r)

.rel.init
 *(.rel.init)

.rela.init
 *(.rela.init)

.rel.text
 *(.rel.text)
 *(.rel.text.*)
 *(.rel.gnu.linkonce.t*)

.rela.text
 *(.rela.text)
 *(.rela.text.*)
 *(.rela.gnu.linkonce.t*)

.rel.fini
 *(.rel.fini)

.rela.fini
 *(.rela.fini)

.rel.rodata
 *(.rel.rodata)
 *(.rel.rodata.*)
 *(.rel.gnu.linkonce.r*)

.rela.rodata
 *(.rela.rodata)
 *(.rela.rodata.*)
 *(.rela.gnu.linkonce.r*)

.rel.data
 *(.rel.data)
 *(.rel.data.*)
 *(.rel.gnu.linkonce.d*)

.rela.data
 *(.rela.data)
 *(.rela.data.*)
 *(.rela.gnu.linkonce.d*)

.rel.ctors
 *(.rel.ctors)

.rela.ctors
 *(.rela.ctors)

.rel.dtors
 *(.rel.dtors)

.rela.dtors
 *(.rela.dtors)

.rel.got
 *(.rel.got)

.rela.got
 *(.rela.got)

.rel.bss
 *(.rel.bss)

.rela.bss
 *(.rela.bss)

.rel.plt
 *(.rel.plt)

.rela.plt
 *(.rela.plt)

.text           0x00000000      0x32c
 *(.vectors)
 .vectors       0x00000000       0xe4 c:/winavr-20070525/bin/../lib/gcc/avr/4.1.2/../../../../avr/lib/avr6/crtm2560.o
                0x00000000                __vectors
                0x00000000                __vector_default
 *(.vectors)
 *(.progmem.gcc*)
 *(.progmem*)
                0x000000e4                . = ALIGN (0x2)
                0x000000e4                __trampolines_start = .
 *(.trampolines)
 .trampolines   0x000000e4        0x0 linker stubs
 *(.trampolines*)
                0x000000e4                __trampolines_end = .
 *(.jumptables)
 *(.jumptables*)
 *(.lowtext)
 *(.lowtext*)
                0x000000e4                __ctors_start = .
 *(.ctors)
                0x000000e4                __ctors_end = .
                0x000000e4                __dtors_start = .
 *(.dtors)
                0x000000e4                __dtors_end = .
 SORT(*)(.ctors)
 SORT(*)(.dtors)
 *(.init0)
 .init0         0x000000e4        0x0 c:/winavr-20070525/bin/../lib/gcc/avr/4.1.2/../../../../avr/lib/avr6/crtm2560.o
                0x000000e4                __init
 *(.init0)
 *(.init1)
 *(.init1)
 *(.init2)
 .init2         0x000000e4        0xc c:/winavr-20070525/bin/../lib/gcc/avr/4.1.2/../../../../avr/lib/avr6/crtm2560.o
 *(.init2)
 *(.init3)
 *(.init3)
 *(.init4)
 .init4         0x000000f0       0x1a c:/winavr-20070525/bin/../lib/gcc/avr/4.1.2/../../../../avr/lib/avr6/crtm2560.o
                0x000000f0                __do_copy_data
 .init4         0x0000010a       0x10 c:/winavr-20070525/bin/../lib/gcc/avr/4.1.2/avr6\libgcc.a(_clear_bss.o)
                0x0000010a                __do_clear_bss
 *(.init4)
 *(.init5)
 *(.init5)
 *(.init6)
 *(.init6)
 *(.init7)
 *(.init7)
 *(.init8)
 *(.init8)
 *(.init9)
 .init9         0x0000011a        0x8 c:/winavr-20070525/bin/../lib/gcc/avr/4.1.2/../../../../avr/lib/avr6/crtm2560.o
 *(.init9)
 *(.text)
 .text          0x00000122        0x4 c:/winavr-20070525/bin/../lib/gcc/avr/4.1.2/../../../../avr/lib/avr6/crtm2560.o
                0x00000122                __vector_38
                0x00000122                __vector_22
                0x00000122                __vector_28
                0x00000122                __vector_1
                0x00000122                __vector_32
                0x00000122                __vector_34
                0x00000122                __vector_24
                0x00000122                __vector_12
                0x00000122                __vector_55
                0x00000122                __vector_46
                0x00000122                __bad_interrupt
                0x00000122                __vector_6
                0x00000122                __vector_31
                0x00000122                __vector_35
                0x00000122                __vector_39
                0x00000122                __vector_3
                0x00000122                __vector_23
                0x00000122                __vector_30
                0x00000122                __vector_45
                0x00000122                __vector_25
                0x00000122                __vector_11
                0x00000122                __vector_54
                0x00000122                __vector_13
                0x00000122                __vector_19
                0x00000122                __vector_56
                0x00000122                __vector_7
                0x00000122                __vector_49
                0x00000122                __vector_41
                0x00000122                __vector_43
                0x00000122                __vector_27
                0x00000122                __vector_5
                0x00000122                __vector_33
                0x00000122                __vector_47
                0x00000122                __vector_52
                0x00000122                __vector_37
                0x00000122                __vector_4
                0x00000122                __vector_44
                0x00000122                __vector_51
                0x00000122                __vector_9
                0x00000122                __vector_2
                0x00000122                __vector_21
                0x00000122                __vector_15
                0x00000122                __vector_36
                0x00000122                __vector_29
                0x00000122                __vector_40
                0x00000122                __vector_8
                0x00000122                __vector_26
                0x00000122                __vector_48
                0x00000122                __vector_14
                0x00000122                __vector_53
                0x00000122                __vector_50
                0x00000122                __vector_16
                0x00000122                __vector_18
                0x00000122                __vector_20
                0x00000122                __vector_42
 .text          0x00000126      0x144 obj/main.o
                0x000001d0                __vector_17
                0x00000180                ioinit
                0x000001b2                main
                0x00000126                __vector_10
 .text          0x0000026a       0x30 obj/sumo_ports.o
                0x0000026a                Setup_Sumo_Ports
 .text          0x0000029a       0x14 obj/sumo_util.o
                0x0000029a                Get_Switch
 .text          0x000002ae       0x7c obj/sumo_leds.o
                0x000002ae                LED_Send_Line
                0x00000308                LED_Set_Common
 .text          0x0000032a        0x0 obj/sumo_mouse.o
 .text          0x0000032a        0x0 c:/winavr-20070525/bin/../lib/gcc/avr/4.1.2/avr6\libgcc.a(_exit.o)
 .text          0x0000032a        0x0 c:/winavr-20070525/bin/../lib/gcc/avr/4.1.2/avr6\libgcc.a(_clear_bss.o)
                0x0000032a                . = ALIGN (0x2)
 *(.text.*)
 .text.libgcc   0x0000032a        0x0 c:/winavr-20070525/bin/../lib/gcc/avr/4.1.2/avr6\libgcc.a(_exit.o)
 .text.libgcc   0x0000032a        0x0 c:/winavr-20070525/bin/../lib/gcc/avr/4.1.2/avr6\libgcc.a(_clear_bss.o)
                0x0000032a                . = ALIGN (0x2)
 *(.fini9)
 .fini9         0x0000032a        0x0 c:/winavr-20070525/bin/../lib/gcc/avr/4.1.2/avr6\libgcc.a(_exit.o)
                0x0000032a                exit
                0x0000032a                _exit
 *(.fini9)
 *(.fini8)
 *(.fini8)
 *(.fini7)
 *(.fini7)
 *(.fini6)
 *(.fini6)
 *(.fini5)
 *(.fini5)
 *(.fini4)
 *(.fini4)
 *(.fini3)
 *(.fini3)
 *(.fini2)
 *(.fini2)
 *(.fini1)
 *(.fini1)
 *(.fini0)
 .fini0         0x0000032a        0x2 c:/winavr-20070525/bin/../lib/gcc/avr/4.1.2/avr6\libgcc.a(_exit.o)
 *(.fini0)
                0x0000032c                _etext = .

.data           0x00800200       0x50 load address 0x0000032c
                0x00800200                PROVIDE (__data_start, .)
 *(.data)
 .data          0x00800200        0x0 c:/winavr-20070525/bin/../lib/gcc/avr/4.1.2/../../../../avr/lib/avr6/crtm2560.o
 .data          0x00800200       0x50 obj/main.o
                0x00800230                Leftchar
                0x00800220                Downchar
                0x00800210                Rightchar
                0x00800200                Upchar
                0x00800240                Stopchar
 .data          0x00800250        0x0 obj/sumo_ports.o
 .data          0x00800250        0x0 obj/sumo_util.o
 .data          0x00800250        0x0 obj/sumo_leds.o
 .data          0x00800250        0x0 obj/sumo_mouse.o
 .data          0x00800250        0x0 c:/winavr-20070525/bin/../lib/gcc/avr/4.1.2/avr6\libgcc.a(_exit.o)
 .data          0x00800250        0x0 c:/winavr-20070525/bin/../lib/gcc/avr/4.1.2/avr6\libgcc.a(_clear_bss.o)
 *(.data*)
 *(.rodata)
 *(.rodata*)
 *(.gnu.linkonce.d*)
                0x00800250                . = ALIGN (0x2)
                0x00800250                _edata = .
                0x00800250                PROVIDE (__data_end, .)

.bss            0x00800250        0xb
                0x00800250                PROVIDE (__bss_start, .)
 *(.bss)
 .bss           0x00800250        0x0 c:/winavr-20070525/bin/../lib/gcc/avr/4.1.2/../../../../avr/lib/avr6/crtm2560.o
 .bss           0x00800250        0x3 obj/main.o
 .bss           0x00800253        0x0 obj/sumo_ports.o
 .bss           0x00800253        0x0 obj/sumo_util.o
 .bss           0x00800253        0x0 obj/sumo_leds.o
 .bss           0x00800253        0x0 obj/sumo_mouse.o
 .bss           0x00800253        0x0 c:/winavr-20070525/bin/../lib/gcc/avr/4.1.2/avr6\libgcc.a(_exit.o)
 .bss           0x00800253        0x0 c:/winavr-20070525/bin/../lib/gcc/avr/4.1.2/avr6\libgcc.a(_clear_bss.o)
 *(.bss*)
 *(COMMON)
 COMMON         0x00800253        0x8 obj/main.o
                0x00800253                led_on
                0x00800254                xdif
                0x00800256                previous_port_j
                0x00800257                line_triggered
                0x00800258                ydif
                0x0080025a                interrupt_edge_port_j
                0x0080025b                PROVIDE (__bss_end, .)
                0x0000032c                __data_load_start = LOADADDR (.data)
                0x0000037c                __data_load_end = (__data_load_start + SIZEOF (.data))

.noinit         0x0080025b        0x0
                0x0080025b                PROVIDE (__noinit_start, .)
 *(.noinit*)
                0x0080025b                PROVIDE (__noinit_end, .)
                0x0080025b                _end = .
                0x0080025b                PROVIDE (__heap_start, .)

.eeprom         0x00810000        0x0
 *(.eeprom*)
                0x00810000                __eeprom_end = .

.stab           0x00000000      0x414
 *(.stab)
 .stab          0x00000000      0x414 c:/winavr-20070525/bin/../lib/gcc/avr/4.1.2/../../../../avr/lib/avr6/crtm2560.o

.stabstr        0x00000000       0x71
 *(.stabstr)
 .stabstr       0x00000000       0x71 c:/winavr-20070525/bin/../lib/gcc/avr/4.1.2/../../../../avr/lib/avr6/crtm2560.o

.stab.excl
 *(.stab.excl)

.stab.exclstr
 *(.stab.exclstr)

.stab.index
 *(.stab.index)

.stab.indexstr
 *(.stab.indexstr)

.comment
 *(.comment)

.debug
 *(.debug)

.line
 *(.line)

.debug_srcinfo
 *(.debug_srcinfo)

.debug_sfnames
 *(.debug_sfnames)

.debug_aranges  0x00000000       0x80
 *(.debug_aranges)
 .debug_aranges
                0x00000000       0x20 obj/main.o
 .debug_aranges
                0x00000020       0x20 obj/sumo_ports.o
 .debug_aranges
                0x00000040       0x20 obj/sumo_util.o
 .debug_aranges
                0x00000060       0x20 obj/sumo_leds.o

.debug_pubnames
                0x00000000      0x163
 *(.debug_pubnames)
 .debug_pubnames
                0x00000000       0xe4 obj/main.o
 .debug_pubnames
                0x000000e4       0x27 obj/sumo_ports.o
 .debug_pubnames
                0x0000010b       0x21 obj/sumo_util.o
 .debug_pubnames
                0x0000012c       0x37 obj/sumo_leds.o

.debug_info     0x00000000      0x400
 *(.debug_info)
 .debug_info    0x00000000      0x217 obj/main.o
 .debug_info    0x00000217       0x72 obj/sumo_ports.o
 .debug_info    0x00000289       0x9d obj/sumo_util.o
 .debug_info    0x00000326       0xda obj/sumo_leds.o
 .debug_info    0x00000400        0x0 obj/sumo_mouse.o
 *(.gnu.linkonce.wi.*)

.debug_abbrev   0x00000000      0x207
 *(.debug_abbrev)
 .debug_abbrev  0x00000000       0xc2 obj/main.o
 .debug_abbrev  0x000000c2       0x3f obj/sumo_ports.o
 .debug_abbrev  0x00000101       0x6c obj/sumo_util.o
 .debug_abbrev  0x0000016d       0x99 obj/sumo_leds.o
 .debug_abbrev  0x00000206        0x1 obj/sumo_mouse.o

.debug_line     0x00000000      0x4d8
 *(.debug_line)
 .debug_line    0x00000000      0x1fe obj/main.o
 .debug_line    0x000001fe       0xd3 obj/sumo_ports.o
 .debug_line    0x000002d1       0xaa obj/sumo_util.o
 .debug_line    0x0000037b      0x11c obj/sumo_leds.o
 .debug_line    0x00000497       0x41 obj/sumo_mouse.o

.debug_frame    0x00000000       0xc0
 *(.debug_frame)
 .debug_frame   0x00000000       0x50 obj/main.o
 .debug_frame   0x00000050       0x20 obj/sumo_ports.o
 .debug_frame   0x00000070       0x20 obj/sumo_util.o
 .debug_frame   0x00000090       0x30 obj/sumo_leds.o

.debug_str      0x00000000      0x1d3
 *(.debug_str)
 .debug_str     0x00000000      0x167 obj/main.o
                                0x1b4 (size before relaxing)
 .debug_str     0x00000167       0x1e obj/sumo_ports.o
                                 0xf3 (size before relaxing)
 .debug_str     0x00000185       0x1c obj/sumo_util.o
                                 0xf9 (size before relaxing)
 .debug_str     0x000001a1       0x32 obj/sumo_leds.o
                                0x114 (size before relaxing)

.debug_loc      0x00000000       0x4e
 *(.debug_loc)
 .debug_loc     0x00000000       0x13 obj/sumo_util.o
 .debug_loc     0x00000013       0x3b obj/sumo_leds.o

.debug_macinfo
 *(.debug_macinfo)
OUTPUT(main.elf elf32-avr)
LOAD linker stubs

Cross Reference Table

Symbol                                            File
Downchar                                          obj/main.o
Get_Switch                                        obj/sumo_util.o
LED_Send_Line                                     obj/sumo_leds.o
                                                  obj/main.o
LED_Set_Common                                    obj/sumo_leds.o
                                                  obj/main.o
Leftchar                                          obj/main.o
Rightchar                                         obj/main.o
Setup_Sumo_Ports                                  obj/sumo_ports.o
                                                  obj/main.o
Stopchar                                          obj/main.o
Upchar                                            obj/main.o
__bad_interrupt                                   c:/winavr-20070525/bin/../lib/gcc/avr/4.1.2/../../../../avr/lib/avr6/crtm2560.o
__bss_end                                         c:/winavr-20070525/bin/../lib/gcc/avr/4.1.2/avr6\libgcc.a(_clear_bss.o)
__bss_start                                       c:/winavr-20070525/bin/../lib/gcc/avr/4.1.2/avr6\libgcc.a(_clear_bss.o)
__data_end                                        c:/winavr-20070525/bin/../lib/gcc/avr/4.1.2/../../../../avr/lib/avr6/crtm2560.o
__data_load_start                                 c:/winavr-20070525/bin/../lib/gcc/avr/4.1.2/../../../../avr/lib/avr6/crtm2560.o
__data_start                                      c:/winavr-20070525/bin/../lib/gcc/avr/4.1.2/../../../../avr/lib/avr6/crtm2560.o
__do_clear_bss                                    c:/winavr-20070525/bin/../lib/gcc/avr/4.1.2/avr6\libgcc.a(_clear_bss.o)
                                                  obj/sumo_mouse.o
                                                  obj/sumo_leds.o
                                                  obj/sumo_util.o
                                                  obj/sumo_ports.o
                                                  obj/main.o
__do_copy_data                                    c:/winavr-20070525/bin/../lib/gcc/avr/4.1.2/../../../../avr/lib/avr6/crtm2560.o
                                                  obj/sumo_mouse.o
                                                  obj/sumo_leds.o
                                                  obj/sumo_util.o
                                                  obj/sumo_ports.o
                                                  obj/main.o
__heap_end                                        c:/winavr-20070525/bin/../lib/gcc/avr/4.1.2/../../../../avr/lib/avr6/crtm2560.o
__init                                            c:/winavr-20070525/bin/../lib/gcc/avr/4.1.2/../../../../avr/lib/avr6/crtm2560.o
__stack                                           c:/winavr-20070525/bin/../lib/gcc/avr/4.1.2/../../../../avr/lib/avr6/crtm2560.o
__vector_1                                        c:/winavr-20070525/bin/../lib/gcc/avr/4.1.2/../../../../avr/lib/avr6/crtm2560.o
__vector_10                                       obj/main.o
                                                  c:/winavr-20070525/bin/../lib/gcc/avr/4.1.2/../../../../avr/lib/avr6/crtm2560.o
__vector_11                                       c:/winavr-20070525/bin/../lib/gcc/avr/4.1.2/../../../../avr/lib/avr6/crtm2560.o
__vector_12                                       c:/winavr-20070525/bin/../lib/gcc/avr/4.1.2/../../../../avr/lib/avr6/crtm2560.o
__vector_13                                       c:/winavr-20070525/bin/../lib/gcc/avr/4.1.2/../../../../avr/lib/avr6/crtm2560.o
__vector_14                                       c:/winavr-20070525/bin/../lib/gcc/avr/4.1.2/../../../../avr/lib/avr6/crtm2560.o
__vector_15                                       c:/winavr-20070525/bin/../lib/gcc/avr/4.1.2/../../../../avr/lib/avr6/crtm2560.o
__vector_16                                       c:/winavr-20070525/bin/../lib/gcc/avr/4.1.2/../../../../avr/lib/avr6/crtm2560.o
__vector_17                                       obj/main.o
                                                  c:/winavr-20070525/bin/../lib/gcc/avr/4.1.2/../../../../avr/lib/avr6/crtm2560.o
__vector_18                                       c:/winavr-20070525/bin/../lib/gcc/avr/4.1.2/../../../../avr/lib/avr6/crtm2560.o
__vector_19                                       c:/winavr-20070525/bin/../lib/gcc/avr/4.1.2/../../../../avr/lib/avr6/crtm2560.o
__vector_2                                        c:/winavr-20070525/bin/../lib/gcc/avr/4.1.2/../../../../avr/lib/avr6/crtm2560.o
__vector_20                                       c:/winavr-20070525/bin/../lib/gcc/avr/4.1.2/../../../../avr/lib/avr6/crtm2560.o
__vector_21                                       c:/winavr-20070525/bin/../lib/gcc/avr/4.1.2/../../../../avr/lib/avr6/crtm2560.o
__vector_22                                       c:/winavr-20070525/bin/../lib/gcc/avr/4.1.2/../../../../avr/lib/avr6/crtm2560.o
__vector_23                                       c:/winavr-20070525/bin/../lib/gcc/avr/4.1.2/../../../../avr/lib/avr6/crtm2560.o
__vector_24                                       c:/winavr-20070525/bin/../lib/gcc/avr/4.1.2/../../../../avr/lib/avr6/crtm2560.o
__vector_25                                       c:/winavr-20070525/bin/../lib/gcc/avr/4.1.2/../../../../avr/lib/avr6/crtm2560.o
__vector_26                                       c:/winavr-20070525/bin/../lib/gcc/avr/4.1.2/../../../../avr/lib/avr6/crtm2560.o
__vector_27                                       c:/winavr-20070525/bin/../lib/gcc/avr/4.1.2/../../../../avr/lib/avr6/crtm2560.o
__vector_28                                       c:/winavr-20070525/bin/../lib/gcc/avr/4.1.2/../../../../avr/lib/avr6/crtm2560.o
__vector_29                                       c:/winavr-20070525/bin/../lib/gcc/avr/4.1.2/../../../../avr/lib/avr6/crtm2560.o
__vector_3                                        c:/winavr-20070525/bin/../lib/gcc/avr/4.1.2/../../../../avr/lib/avr6/crtm2560.o
__vector_30                                       c:/winavr-20070525/bin/../lib/gcc/avr/4.1.2/../../../../avr/lib/avr6/crtm2560.o
__vector_31                                       c:/winavr-20070525/bin/../lib/gcc/avr/4.1.2/../../../../avr/lib/avr6/crtm2560.o
__vector_32                                       c:/winavr-20070525/bin/../lib/gcc/avr/4.1.2/../../../../avr/lib/avr6/crtm2560.o
__vector_33                                       c:/winavr-20070525/bin/../lib/gcc/avr/4.1.2/../../../../avr/lib/avr6/crtm2560.o
__vector_34                                       c:/winavr-20070525/bin/../lib/gcc/avr/4.1.2/../../../../avr/lib/avr6/crtm2560.o
__vector_35                                       c:/winavr-20070525/bin/../lib/gcc/avr/4.1.2/../../../../avr/lib/avr6/crtm2560.o
__vector_36                                       c:/winavr-20070525/bin/../lib/gcc/avr/4.1.2/../../../../avr/lib/avr6/crtm2560.o
__vector_37                                       c:/winavr-20070525/bin/../lib/gcc/avr/4.1.2/../../../../avr/lib/avr6/crtm2560.o
__vector_38                                       c:/winavr-20070525/bin/../lib/gcc/avr/4.1.2/../../../../avr/lib/avr6/crtm2560.o
__vector_39                                       c:/winavr-20070525/bin/../lib/gcc/avr/4.1.2/../../../../avr/lib/avr6/crtm2560.o
__vector_4                                        c:/winavr-20070525/bin/../lib/gcc/avr/4.1.2/../../../../avr/lib/avr6/crtm2560.o
__vector_40                                       c:/winavr-20070525/bin/../lib/gcc/avr/4.1.2/../../../../avr/lib/avr6/crtm2560.o
__vector_41                                       c:/winavr-20070525/bin/../lib/gcc/avr/4.1.2/../../../../avr/lib/avr6/crtm2560.o
__vector_42                                       c:/winavr-20070525/bin/../lib/gcc/avr/4.1.2/../../../../avr/lib/avr6/crtm2560.o
__vector_43                                       c:/winavr-20070525/bin/../lib/gcc/avr/4.1.2/../../../../avr/lib/avr6/crtm2560.o
__vector_44                                       c:/winavr-20070525/bin/../lib/gcc/avr/4.1.2/../../../../avr/lib/avr6/crtm2560.o
__vector_45                                       c:/winavr-20070525/bin/../lib/gcc/avr/4.1.2/../../../../avr/lib/avr6/crtm2560.o
__vector_46                                       c:/winavr-20070525/bin/../lib/gcc/avr/4.1.2/../../../../avr/lib/avr6/crtm2560.o
__vector_47                                       c:/winavr-20070525/bin/../lib/gcc/avr/4.1.2/../../../../avr/lib/avr6/crtm2560.o
__vector_48                                       c:/winavr-20070525/bin/../lib/gcc/avr/4.1.2/../../../../avr/lib/avr6/crtm2560.o
__vector_49                                       c:/winavr-20070525/bin/../lib/gcc/avr/4.1.2/../../../../avr/lib/avr6/crtm2560.o
__vector_5                                        c:/winavr-20070525/bin/../lib/gcc/avr/4.1.2/../../../../avr/lib/avr6/crtm2560.o
__vector_50                                       c:/winavr-20070525/bin/../lib/gcc/avr/4.1.2/../../../../avr/lib/avr6/crtm2560.o
__vector_51                                       c:/winavr-20070525/bin/../lib/gcc/avr/4.1.2/../../../../avr/lib/avr6/crtm2560.o
__vector_52                                       c:/winavr-20070525/bin/../lib/gcc/avr/4.1.2/../../../../avr/lib/avr6/crtm2560.o
__vector_53                                       c:/winavr-20070525/bin/../lib/gcc/avr/4.1.2/../../../../avr/lib/avr6/crtm2560.o
__vector_54                                       c:/winavr-20070525/bin/../lib/gcc/avr/4.1.2/../../../../avr/lib/avr6/crtm2560.o
__vector_55                                       c:/winavr-20070525/bin/../lib/gcc/avr/4.1.2/../../../../avr/lib/avr6/crtm2560.o
__vector_56                                       c:/winavr-20070525/bin/../lib/gcc/avr/4.1.2/../../../../avr/lib/avr6/crtm2560.o
__vector_6                                        c:/winavr-20070525/bin/../lib/gcc/avr/4.1.2/../../../../avr/lib/avr6/crtm2560.o
__vector_7                                        c:/winavr-20070525/bin/../lib/gcc/avr/4.1.2/../../../../avr/lib/avr6/crtm2560.o
__vector_8                                        c:/winavr-20070525/bin/../lib/gcc/avr/4.1.2/../../../../avr/lib/avr6/crtm2560.o
__vector_9                                        c:/winavr-20070525/bin/../lib/gcc/avr/4.1.2/../../../../avr/lib/avr6/crtm2560.o
__vector_default                                  c:/winavr-20070525/bin/../lib/gcc/avr/4.1.2/../../../../avr/lib/avr6/crtm2560.o
__vectors                                         c:/winavr-20070525/bin/../lib/gcc/avr/4.1.2/../../../../avr/lib/avr6/crtm2560.o
_exit                                             c:/winavr-20070525/bin/../lib/gcc/avr/4.1.2/avr6\libgcc.a(_exit.o)
exit                                              c:/winavr-20070525/bin/../lib/gcc/avr/4.1.2/avr6\libgcc.a(_exit.o)
                                                  c:/winavr-20070525/bin/../lib/gcc/avr/4.1.2/../../../../avr/lib/avr6/crtm2560.o
interrupt_edge_port_j                             obj/main.o
ioinit                                            obj/main.o
led_on                                            obj/main.o
line_triggered                                    obj/main.o
main                                              obj/main.o
                                                  c:/winavr-20070525/bin/../lib/gcc/avr/4.1.2/../../../../avr/lib/avr6/crtm2560.o
previous_port_j                                   obj/main.o
xdif                                              obj/main.o
ydif                                              obj/main.o
